21:38:30 **** Incremental Build of configuration Debug for project 001_LED ****
make -j8 all 
arm-none-eabi-gcc "../Core/Src/main.c" -mcpu=cortex-m4 -std=gnu11 -g3 -DDEBUG -DUSE_HAL_DRIVER -DSTM32F401xC -c -I../Core/Inc -I../Drivers/STM32F4xx_HAL_Driver/Inc -I../Drivers/STM32F4xx_HAL_Driver/Inc/Legacy -I../Drivers/CMSIS/Device/ST/STM32F4xx/Include -I../Drivers/CMSIS/Include -O0 -ffunction-sections -fdata-sections -Wall -fstack-usage -fcyclomatic-complexity -MMD -MP -MF"Core/Src/main.d" -MT"Core/Src/main.o" --specs=nano.specs -mfpu=fpv4-sp-d16 -mfloat-abi=hard -mthumb -o "Core/Src/main.o"
arm-none-eabi-gcc -o "001_LED.elf" @"objects.list"   -mcpu=cortex-m4 -T"D:\Sachin_code\Techoscripts\STM32F407\STMPrograms\001_LED\STM32F401CCUX_FLASH.ld" --specs=nosys.specs -Wl,-Map="001_LED.map" -Wl,--gc-sections -static --specs=nano.specs -mfpu=fpv4-sp-d16 -mfloat-abi=hard -mthumb -Wl,--start-group -lc -lm -Wl,--end-group
Finished building target: 001_LED.elf
 
arm-none-eabi-size  001_LED.elf 
arm-none-eabi-objdump -h -S 001_LED.elf  > "001_LED.list"
   text	   data	    bss	    dec	    hex	filename
   5760	     12	   1572	   7344	   1cb0	001_LED.elf
arm-none-eabi-objcopy  -O ihex 001_LED.elf  "001_LED.hex"
Finished building: default.size.stdout
 
Finished building: 001_LED.hex
 
Finished building: 001_LED.list
 

21:38:31 Build Finished. 0 errors, 0 warnings. (took 938ms)

