19:21:37 **** Incremental Build of configuration Debug for project 002_LED_Code_Strach ****
make -j8 all 
arm-none-eabi-gcc "../Core/Src/main.c" -mcpu=cortex-m4 -std=gnu11 -g3 -DDEBUG -DUSE_HAL_DRIVER -DSTM32F401xC -c -I../Core/Inc -I../Drivers/STM32F4xx_HAL_Driver/Inc -I../Drivers/STM32F4xx_HAL_Driver/Inc/Legacy -I../Drivers/CMSIS/Device/ST/STM32F4xx/Include -I../Drivers/CMSIS/Include -O0 -ffunction-sections -fdata-sections -Wall -fstack-usage -fcyclomatic-complexity -MMD -MP -MF"Core/Src/main.d" -MT"Core/Src/main.o" --specs=nano.specs -mfpu=fpv4-sp-d16 -mfloat-abi=hard -mthumb -o "Core/Src/main.o"
arm-none-eabi-gcc -o "002_LED_Code_Strach.elf" @"objects.list"   -mcpu=cortex-m4 -T"D:\Sachin_code\Techoscripts\STM32F407\STMPrograms\002_LED_Code_Strach\STM32F401CCUX_FLASH.ld" --specs=nosys.specs -Wl,-Map="002_LED_Code_Strach.map" -Wl,--gc-sections -static --specs=nano.specs -mfpu=fpv4-sp-d16 -mfloat-abi=hard -mthumb -Wl,--start-group -lc -lm -Wl,--end-group
Finished building target: 002_LED_Code_Strach.elf
 
arm-none-eabi-size  002_LED_Code_Strach.elf 
arm-none-eabi-objdump -h -S 002_LED_Code_Strach.elf  > "002_LED_Code_Strach.list"
arm-none-eabi-objcopy  -O ihex 002_LED_Code_Strach.elf  "002_LED_Code_Strach.hex"
   text	   data	    bss	    dec	    hex	filename
   2640	     12	   1572	   4224	   1080	002_LED_Code_Strach.elf
Finished building: default.size.stdout
 
Finished building: 002_LED_Code_Strach.hex
Finished building: 002_LED_Code_Strach.list
 
 

19:21:38 Build Finished. 0 errors, 0 warnings. (took 1s.97ms)

