20:37:39 **** Incremental Build of configuration Debug for project 004_7Segment_cc ****
make -j8 all 
arm-none-eabi-gcc "../Core/Src/main.c" -mcpu=cortex-m4 -std=gnu11 -g3 -DDEBUG -DUSE_HAL_DRIVER -DSTM32F401xC -c -I../Core/Inc -I../Drivers/STM32F4xx_HAL_Driver/Inc -I../Drivers/STM32F4xx_HAL_Driver/Inc/Legacy -I../Drivers/CMSIS/Device/ST/STM32F4xx/Include -I../Drivers/CMSIS/Include -O0 -ffunction-sections -fdata-sections -Wall -fstack-usage -fcyclomatic-complexity -MMD -MP -MF"Core/Src/main.d" -MT"Core/Src/main.o" --specs=nano.specs -mfpu=fpv4-sp-d16 -mfloat-abi=hard -mthumb -o "Core/Src/main.o"
arm-none-eabi-gcc -o "004_7Segment_cc.elf" @"objects.list"   -mcpu=cortex-m4 -T"D:\Sachin_code\Techoscripts\STM32F407\STMPrograms\004_7Segment_cc\STM32F401CCUX_FLASH.ld" --specs=nosys.specs -Wl,-Map="004_7Segment_cc.map" -Wl,--gc-sections -static --specs=nano.specs -mfpu=fpv4-sp-d16 -mfloat-abi=hard -mthumb -Wl,--start-group -lc -lm -Wl,--end-group
Finished building target: 004_7Segment_cc.elf
 
arm-none-eabi-size  004_7Segment_cc.elf 
arm-none-eabi-objdump -h -S 004_7Segment_cc.elf  > "004_7Segment_cc.list"
   text	   data	    bss	    dec	    hex	filename
   2592	     12	   1572	   4176	   1050	004_7Segment_cc.elf
arm-none-eabi-objcopy  -O ihex 004_7Segment_cc.elf  "004_7Segment_cc.hex"
Finished building: default.size.stdout
 
Finished building: 004_7Segment_cc.hex
Finished building: 004_7Segment_cc.list
 
 

20:37:39 Build Finished. 0 errors, 0 warnings. (took 715ms)

