20:53:02 **** Incremental Build of configuration Debug for project 005_7Segment_3x4Keypad ****
make -j8 all 
arm-none-eabi-gcc "../Core/Src/main.c" -mcpu=cortex-m4 -std=gnu11 -g3 -DDEBUG -DUSE_HAL_DRIVER -DSTM32F401xC -c -I../Core/Inc -I../Drivers/STM32F4xx_HAL_Driver/Inc -I../Drivers/STM32F4xx_HAL_Driver/Inc/Legacy -I../Drivers/CMSIS/Device/ST/STM32F4xx/Include -I../Drivers/CMSIS/Include -O0 -ffunction-sections -fdata-sections -Wall -fstack-usage -fcyclomatic-complexity -MMD -MP -MF"Core/Src/main.d" -MT"Core/Src/main.o" --specs=nano.specs -mfpu=fpv4-sp-d16 -mfloat-abi=hard -mthumb -o "Core/Src/main.o"
arm-none-eabi-gcc -o "005_7Segment_3x4Keypad.elf" @"objects.list"   -mcpu=cortex-m4 -T"D:\Sachin_code\Techoscripts\STM32F407\STMPrograms\005_7Segment_3x4Keypad\STM32F401CCUX_FLASH.ld" --specs=nosys.specs -Wl,-Map="005_7Segment_3x4Keypad.map" -Wl,--gc-sections -static --specs=nano.specs -mfpu=fpv4-sp-d16 -mfloat-abi=hard -mthumb -Wl,--start-group -lc -lm -Wl,--end-group
Finished building target: 005_7Segment_3x4Keypad.elf
 
arm-none-eabi-size  005_7Segment_3x4Keypad.elf 
arm-none-eabi-objdump -h -S 005_7Segment_3x4Keypad.elf  > "005_7Segment_3x4Keypad.list"
   text	   data	    bss	    dec	    hex	filename
   3124	     12	   1572	   4708	   1264	005_7Segment_3x4Keypad.elf
arm-none-eabi-objcopy  -O ihex 005_7Segment_3x4Keypad.elf  "005_7Segment_3x4Keypad.hex"
Finished building: default.size.stdout
 
Finished building: 005_7Segment_3x4Keypad.hex
Finished building: 005_7Segment_3x4Keypad.list
 
 

20:53:03 Build Finished. 0 errors, 0 warnings. (took 724ms)

