17:56:24 **** Incremental Build of configuration Debug for project 006_LED_sw_Interupt ****
make -j8 all 
arm-none-eabi-gcc "../Core/Src/main.c" -mcpu=cortex-m4 -std=gnu11 -g3 -DDEBUG -DUSE_HAL_DRIVER -DSTM32F401xC -c -I../Core/Inc -I../Drivers/STM32F4xx_HAL_Driver/Inc -I../Drivers/STM32F4xx_HAL_Driver/Inc/Legacy -I../Drivers/CMSIS/Device/ST/STM32F4xx/Include -I../Drivers/CMSIS/Include -O0 -ffunction-sections -fdata-sections -Wall -fstack-usage -fcyclomatic-complexity -MMD -MP -MF"Core/Src/main.d" -MT"Core/Src/main.o" --specs=nano.specs -mfpu=fpv4-sp-d16 -mfloat-abi=hard -mthumb -o "Core/Src/main.o"
arm-none-eabi-gcc -o "006_LED_sw_Interupt.elf" @"objects.list"   -mcpu=cortex-m4 -T"D:\Sachin_code\Techoscripts\STM32F407\STMPrograms\006_LED_sw_Interupt\STM32F401CCUX_FLASH.ld" --specs=nosys.specs -Wl,-Map="006_LED_sw_Interupt.map" -Wl,--gc-sections -static --specs=nano.specs -mfpu=fpv4-sp-d16 -mfloat-abi=hard -mthumb -Wl,--start-group -lc -lm -Wl,--end-group
Finished building target: 006_LED_sw_Interupt.elf
 
arm-none-eabi-size  006_LED_sw_Interupt.elf 
arm-none-eabi-objdump -h -S 006_LED_sw_Interupt.elf  > "006_LED_sw_Interupt.list"
arm-none-eabi-objcopy  -O ihex 006_LED_sw_Interupt.elf  "006_LED_sw_Interupt.hex"
   text	   data	    bss	    dec	    hex	filename
   5932	     12	   1572	   7516	   1d5c	006_LED_sw_Interupt.elf
Finished building: default.size.stdout
 
Finished building: 006_LED_sw_Interupt.hex
 
Finished building: 006_LED_sw_Interupt.list
 

17:56:26 Build Finished. 0 errors, 0 warnings. (took 2s.0ms)

