19:37:08 **** Incremental Build of configuration Debug for project 007_UART_TX ****
make -j8 all 
arm-none-eabi-gcc "../Core/Src/main.c" -mcpu=cortex-m4 -std=gnu11 -g3 -DDEBUG -DUSE_HAL_DRIVER -DSTM32F401xC -c -I../Core/Inc -I../Drivers/STM32F4xx_HAL_Driver/Inc -I../Drivers/STM32F4xx_HAL_Driver/Inc/Legacy -I../Drivers/CMSIS/Device/ST/STM32F4xx/Include -I../Drivers/CMSIS/Include -O0 -ffunction-sections -fdata-sections -Wall -fstack-usage -fcyclomatic-complexity -MMD -MP -MF"Core/Src/main.d" -MT"Core/Src/main.o" --specs=nano.specs -mfpu=fpv4-sp-d16 -mfloat-abi=hard -mthumb -o "Core/Src/main.o"
arm-none-eabi-gcc -o "007_UART_TX.elf" @"objects.list"   -mcpu=cortex-m4 -T"D:\Sachin_code\Techoscripts\STM32F407\STMPrograms\007_UART_TX\STM32F401CCUX_FLASH.ld" --specs=nosys.specs -Wl,-Map="007_UART_TX.map" -Wl,--gc-sections -static --specs=nano.specs -mfpu=fpv4-sp-d16 -mfloat-abi=hard -mthumb -Wl,--start-group -lc -lm -Wl,--end-group
Finished building target: 007_UART_TX.elf
 
arm-none-eabi-size  007_UART_TX.elf 
arm-none-eabi-objdump -h -S 007_UART_TX.elf  > "007_UART_TX.list"
arm-none-eabi-objcopy  -O ihex 007_UART_TX.elf  "007_UART_TX.hex"
   text	   data	    bss	    dec	    hex	filename
   8568	     24	   1656	  10248	   2808	007_UART_TX.elf
Finished building: default.size.stdout
 
Finished building: 007_UART_TX.hex
 
Finished building: 007_UART_TX.list
 

19:37:10 Build Finished. 0 errors, 0 warnings. (took 2s.473ms)

