22:46:06 **** Incremental Build of configuration Debug for project 010_PWM ****
make -j8 all 
arm-none-eabi-gcc "../Core/Src/main.c" -mcpu=cortex-m4 -std=gnu11 -g3 -DDEBUG -DUSE_HAL_DRIVER -DSTM32F401xC -c -I../Core/Inc -I../Drivers/STM32F4xx_HAL_Driver/Inc -I../Drivers/STM32F4xx_HAL_Driver/Inc/Legacy -I../Drivers/CMSIS/Device/ST/STM32F4xx/Include -I../Drivers/CMSIS/Include -O0 -ffunction-sections -fdata-sections -Wall -fstack-usage -fcyclomatic-complexity -MMD -MP -MF"Core/Src/main.d" -MT"Core/Src/main.o" --specs=nano.specs -mfpu=fpv4-sp-d16 -mfloat-abi=hard -mthumb -o "Core/Src/main.o"
arm-none-eabi-gcc -o "010_PWM.elf" @"objects.list"   -mcpu=cortex-m4 -T"D:\Sachin_code\Techoscripts\STM32F407\STMPrograms\010_PWM\STM32F401CCUX_FLASH.ld" --specs=nosys.specs -Wl,-Map="010_PWM.map" -Wl,--gc-sections -static --specs=nano.specs -mfpu=fpv4-sp-d16 -mfloat-abi=hard -mthumb -Wl,--start-group -lc -lm -Wl,--end-group
Finished building target: 010_PWM.elf
 
arm-none-eabi-size  010_PWM.elf 
arm-none-eabi-objdump -h -S 010_PWM.elf  > "010_PWM.list"
arm-none-eabi-objcopy  -O ihex 010_PWM.elf  "010_PWM.hex"
   text	   data	    bss	    dec	    hex	filename
   9360	     12	   1644	  11016	   2b08	010_PWM.elf
Finished building: default.size.stdout
 
Finished building: 010_PWM.hex
 
Finished building: 010_PWM.list
 
